<html>
<body>
<pre>
<h1>µVision Build Log</h1>
<h2>Tool Versions:</h2>
IDE-Version: ¦ÌVision V5.25.2.0
Copyright (C) 2018 ARM Ltd and ARM Germany GmbH. All rights reserved.
License Information: 1 lyy, 1, LIC=BL22Z-J5JQ7-D2DL7-EZHQ9-DSA4Y-RAYVU
 
Tool Versions:
Toolchain:       MDK-ARM Professional  Version: 5.25.2.0
Toolchain Path:  D:\Keil_v5\ARM\ARMCC\Bin
C Compiler:      Armcc.exe V5.06 update 6 (build 750)
Assembler:       Armasm.exe V5.06 update 6 (build 750)
Linker/Locator:  ArmLink.exe V5.06 update 6 (build 750)
Library Manager: ArmAr.exe V5.06 update 6 (build 750)
Hex Converter:   FromElf.exe V5.06 update 6 (build 750)
CPU DLL:         SARMCM3.DLL V5.25.2.0
Dialog DLL:      DCM.DLL V1.17.1.0
Target DLL:      UL2CM3.DLL V1.160.12.0
Dialog DLL:      TCM.DLL V1.35.1.0
 
<h2>Project:</h2>
C:\Users\lyy\Desktop\RM_FreeRTOSÒÆÖ²\Project\MDK5\FreeRTOS.uvprojx
Project File Date:  10/12/2019

<h2>Output:</h2>
*** Using Compiler 'V5.06 update 6 (build 750)', folder: 'D:\Keil_v5\ARM\ARMCC\Bin'
Build target 'STM32F427IIHx'
compiling Filter.c...
compiling cloud_control.c...
compiling DevicesMonitor.c...
compiling chassis_control.c...
compiling user_code.c...
compiling stm32f4xx_it.c...
compiling main.c...
compiling PID.c...
compiling DR16.c...
compiling M3508.c...
compiling GY6050.c...
compiling ANO.c...
compiling bsp_tim.c...
compiling bsp_delay.c...
compiling bsp_can.c...
compiling M6020.c...
compiling croutine.c...
compiling event_groups.c...
compiling list.c...
compiling bsp_usart.c...
compiling heap_4.c...
compiling queue.c...
compiling timers.c...
compiling tasks.c...
compiling port.c...
linking...
Program Size: Code=10268 RO-data=460 RW-data=152 ZI-data=22352  
FromELF: creating hex file...
".\Objects\RoboMaster.axf" - 0 Error(s), 0 Warning(s).

<h2>Software Packages used:</h2>

Package Vendor: Keil
                http://www.keil.com/pack/Keil.STM32F4xx_DFP.2.13.0.pack
                Keil.STM32F4xx_DFP.2.13.0
                STMicroelectronics STM32F4 Series Device Support, Drivers and Examples

<h2>Collection of Component include folders:</h2>
  .\RTE\_STM32F427IIHx
  D:\Keil_v5\ARM\PACK\Keil\STM32F4xx_DFP\2.13.0\Drivers\CMSIS\Device\ST\STM32F4xx\Include

<h2>Collection of Component Files used:</h2>
Build Time Elapsed:  00:00:17
</pre>
</body>
</html>
